Microchip MPLAB XC8 Compiler V1.45 ()

Linker command line:

-W-3 --edf=C:\Program Files (x86)\Microchip\xc8\v1.45\dat\en_msgs.txt -cs \
  -h+dist/default/production\aula8.X.production.sym \
  --cmf=dist/default/production\aula8.X.production.cmf -z -Q16F870 \
  -oC:\Users\Mateus\AppData\Local\Temp\s5h8.2 \
  -Mdist/default/production/aula8.X.production.map -E1 -ver=XC8 \
  -ASTACK=04Ah-06fh -pstack=STACK -ACODE=00h-07FFh -ASTRCODE=00h-07FFh \
  -ASTRING=00h-0FFhx8 -ACONST=00h-0FFhx8 -AENTRY=00h-0FFhx8 \
  -ACOMMON=070h-07Fh -ABANK0=020h-06Fh -ABANK1=0A0h-0BFh \
  -ARAM=020h-06Fh,0A0h-0BFh -AABS1=020h-07Fh,0A0h-0BFh -ASFR0=00h-01Fh \
  -ASFR1=080h-09Fh -ASFR2=0100h-016Fh -ASFR3=0180h-01EFh \
  -preset_vec=00h,intentry,init,end_init -ppowerup=CODE -pcinit=CODE \
  -pfunctab=ENTRY -ACONFIG=02007h-02007h -pconfig=CONFIG -DCONFIG=2 \
  -AIDLOC=02000h-02003h -pidloc=IDLOC -DIDLOC=2 -AEEDATA=00h-03Fh/02100h \
  -peeprom_data=EEDATA -DEEDATA=2 -DCODE=2 -DSTRCODE=2 -DSTRING=2 -DCONST=2 \
  -DENTRY=2 -k C:\Users\Mateus\AppData\Local\Temp\s5h8.obj \
  dist/default/production\aula8.X.production.obj 

Object code version is 3.11

Machine type is 16F870



                Name                               Link     Load   Length Selector   Space Scale
C:\Users\Mateus\AppData\Local\Temp\s5h8.obj
                end_init                              0        0        1        0       0
                config                             2007     2007        1     400E       0
dist/default/production\aula8.X.production.obj
                cinit                               7E6      7E6       1A      FCC       0
                text15                              491      491       25      922       0
                text14                              41A      41A       11      834       0
                text13                              3FD      3FD        E      7FA       0
                text12                              40B      40B        F      816       0
                text11                              470      470       21      8E0       0
                text10                              519      519       3C      A32       0
                text9                               4E7      4E7       32      9CE       0
                text8                               732      732       B4      E64       0
                swtext2                              36       36        8       5C       0
                text7                               5AE      5AE       78      B5C       0
                swtext1                              2E       2E        8       5C       0
                text6                               555      555       59      AAA       0
                text5                               42B      42B       11      856       0
                text4                               626      626       86      C4C       0
                text3                               453      453       1D      8A6       0
                text2                               4B6      4B6       31      96C       0
                text1                               6AC      6AC       86      D58       0
                maintext                            43C      43C       17      878       0
                cstackBANK0                          20       20       1E       20       1
                cstackCOMMON                         70       70        E       70       1
                dataBANK0                            3E       3E        C       20       1
                strings                               1        1       2D        2       0
                idataBANK0                          3F1      3F1        C      7E2       0

TOTAL           Name                               Link     Load   Length     Space
        CLASS   STACK          

        CLASS   CODE           
                end_init                              0        0        1         0
                cinit                               7E6      7E6       1A         0
                text15                              491      491       25         0
                text14                              41A      41A       11         0
                text13                              3FD      3FD        E         0
                text12                              40B      40B        F         0
                text11                              470      470       21         0
                text10                              519      519       3C         0
                text9                               4E7      4E7       32         0
                text8                               732      732       B4         0
                text7                               5AE      5AE       78         0
                text6                               555      555       59         0
                text5                               42B      42B       11         0
                text4                               626      626       86         0
                text3                               453      453       1D         0
                text2                               4B6      4B6       31         0
                text1                               6AC      6AC       86         0
                maintext                            43C      43C       17         0
                idataBANK0                          3F1      3F1        C         0

        CLASS   STRCODE        

        CLASS   STRING         
                strings                               1        1       2D         0

        CLASS   CONST          
                swtext2                              36       36        8         0
                swtext1                              2E       2E        8         0

        CLASS   ENTRY          

        CLASS   COMMON         
                cstackCOMMON                         70       70        E         1

        CLASS   BANK0          
                cstackBANK0                          20       20       1E         1
                dataBANK0                            3E       3E        C         1

        CLASS   BANK1          

        CLASS   RAM            

        CLASS   ABS1           
                abs_s1                               7E       7E        2         1

        CLASS   SFR0           

        CLASS   SFR1           

        CLASS   SFR2           

        CLASS   SFR3           

        CLASS   CONFIG         
                config                             2007     2007        1         0

        CLASS   IDLOC          

        CLASS   EEDATA         

        CLASS   BANK3          

        CLASS   BANK2          



SEGMENTS        Name                           Load    Length   Top    Selector   Space  Class     Delta

                reset_vec                      000000  000001  000001         0       0  CODE        2
                strings                        000001  00002D  00002E         2       0  STRING      2
                cstackBANK0                    000020  00002A  00004A        20       1  BANK0       1
                swtext1                        00002E  000010  00003E        5C       0  CONST       2
                cstackCOMMON                   000070  00000E  00007E        70       1  COMMON      1
                idataBANK0                     0003F1  00000C  0003FD       7E2       0  CODE        2
                text13                         0003FD  00000E  00040B       7FA       0  CODE        2
                text12                         00040B  00000F  00041A       816       0  CODE        2
                text14                         00041A  000011  00042B       834       0  CODE        2
                text5                          00042B  000011  00043C       856       0  CODE        2
                maintext                       00043C  000017  000453       878       0  CODE        2
                text3                          000453  00001D  000470       8A6       0  CODE        2
                text11                         000470  000021  000491       8E0       0  CODE        2
                text15                         000491  000025  0004B6       922       0  CODE        2
                text2                          0004B6  000031  0004E7       96C       0  CODE        2
                text9                          0004E7  000032  000519       9CE       0  CODE        2
                text10                         000519  00003C  000555       A32       0  CODE        2
                text6                          000555  000059  0005AE       AAA       0  CODE        2
                text7                          0005AE  000078  000626       B5C       0  CODE        2
                text4                          000626  000086  0006AC       C4C       0  CODE        2
                text1                          0006AC  000086  000732       D58       0  CODE        2
                text8                          000732  0000B4  0007E6       E64       0  CODE        2
                cinit                          0007E6  00001A  000800       FCC       0  CODE        2
                config                         002007  000001  002008      400E       0  CONFIG      2


UNUSED ADDRESS RANGES

        Name                Unused          Largest block    Delta
        BANK0            004A-006F             26           1
        BANK1            00A0-00BF             20           1
        CODE             003E-03F0            3B3           2
        CONST            003E-03F0            100           2
        EEDATA           2100-213F             40           2
        ENTRY            003E-03F0            100           2
        IDLOC            2000-2003              4           2
        RAM              004A-006F             26           1
                         00A0-00BF             20
        SFR0             0000-001F             20           1
        SFR1             0080-009F             20           1
        SFR2             0100-016F             70           1
        SFR3             0180-01EF             70           1
        STACK            004A-006F             26           1
        STRCODE          003E-03F0            3B3           2
        STRING           003E-03F0            100           2

                                  Symbol Table

?_PORTC_read                     cstackCOMMON 0070
?___lwdiv                        cstackCOMMON 0070
?___lwmod                        cstackCOMMON 0078
?___wmul                         cstackCOMMON 0070
?_sprintf                        cstackBANK0  0020
PORTC_read@i                     cstackCOMMON 0070
PORTC_write@i                    cstackCOMMON 0070
PORTC_write@v                    cstackCOMMON 0072
_PORTAbits                       (abs)        0005
_PORTB                           (abs)        0006
_PORTC_read                      text7        05AE
_PORTC_write                     text6        0555
_PORTCbits                       (abs)        0007
_TRISAbits                       (abs)        0085
_TRISB                           (abs)        0086
_TRISC                           (abs)        0087
_TRISCbits                       (abs)        0087
__CFG_BOREN$ON                   (abs)        0000
__CFG_CP$OFF                     (abs)        0000
__CFG_CPD$OFF                    (abs)        0000
__CFG_FOSC$HS                    (abs)        0000
__CFG_LVP$OFF                    (abs)        0000
__CFG_PWRTE$OFF                  (abs)        0000
__CFG_WDTE$OFF                   (abs)        0000
__CFG_WRT$OFF                    (abs)        0000
__Habs1                          abs1         0000
__Hbank0                         bank0        0000
__Hbank1                         bank1        0000
__Hbank2                         bank2        0000
__Hbank3                         bank3        0000
__Hcinit                         cinit        0800
__Hclrtext                       clrtext      0000
__Hcode                          code         0000
__Hcommon                        common       0000
__Hconfig                        config       2008
__HcstackBANK0                   cstackBANK0  0000
__HcstackCOMMON                  cstackCOMMON 0000
__HdataBANK0                     dataBANK0    0000
__Heeprom_data                   eeprom_data  0000
__Hend_init                      end_init     0001
__Hfunctab                       functab      0000
__HidataBANK0                    idataBANK0   0000
__Hidloc                         idloc        0000
__Hinit                          init         0000
__Hintentry                      intentry     0000
__Hmaintext                      maintext     0000
__Hpowerup                       powerup      0000
__Hram                           ram          0000
__Hreset_vec                     reset_vec    0000
__Hsfr0                          sfr0         0000
__Hsfr1                          sfr1         0000
__Hsfr2                          sfr2         0000
__Hsfr3                          sfr3         0000
__Hspace_0                       (abs)        2008
__Hspace_1                       (abs)        007E
__Hspace_2                       (abs)        0000
__Hspace_3                       (abs)        0000
__Hstack                         stack        0000
__Hstrings                       strings      0000
__Htext                          text         0000
__Labs1                          abs1         0000
__Lbank0                         bank0        0000
__Lbank1                         bank1        0000
__Lbank2                         bank2        0000
__Lbank3                         bank3        0000
__Lcinit                         cinit        07E6
__Lclrtext                       clrtext      0000
__Lcode                          code         0000
__Lcommon                        common       0000
__Lconfig                        config       2007
__LcstackBANK0                   cstackBANK0  0000
__LcstackCOMMON                  cstackCOMMON 0000
__LdataBANK0                     dataBANK0    0000
__Leeprom_data                   eeprom_data  0000
__Lend_init                      end_init     0000
__Lfunctab                       functab      0000
__LidataBANK0                    idataBANK0   0000
__Lidloc                         idloc        0000
__Linit                          init         0000
__Lintentry                      intentry     0000
__Lmaintext                      maintext     0000
__Lpowerup                       powerup      0000
__Lram                           ram          0000
__Lreset_vec                     reset_vec    0000
__Lsfr0                          sfr0         0000
__Lsfr1                          sfr1         0000
__Lsfr2                          sfr2         0000
__Lsfr3                          sfr3         0000
__Lspace_0                       (abs)        0000
__Lspace_1                       (abs)        0000
__Lspace_2                       (abs)        0000
__Lspace_3                       (abs)        0000
__Lstack                         stack        0000
__Lstrings                       strings      0000
__Ltext                          text         0000
__S0                             (abs)        2008
__S1                             (abs)        007E
__S2                             (abs)        0000
__S3                             (abs)        0000
___bmul                          text5        042B
___bmul@multiplicand             cstackCOMMON 0070
___bmul@multiplier               cstackCOMMON 0073
___bmul@product                  cstackCOMMON 0072
___int_sp                        stack        0000
___latbits                       (abs)        0000
___lwdiv                         text10       0519
___lwdiv@counter                 cstackCOMMON 0077
___lwdiv@dividend                cstackCOMMON 0072
___lwdiv@divisor                 cstackCOMMON 0070
___lwdiv@quotient                cstackCOMMON 0075
___lwmod                         text9        04E7
___lwmod@counter                 cstackCOMMON 007D
___lwmod@dividend                cstackCOMMON 007A
___lwmod@divisor                 cstackCOMMON 0078
___sp                            stack        0000
___wmul                          text11       0470
___wmul@multiplicand             cstackCOMMON 0072
___wmul@multiplier               cstackCOMMON 0070
___wmul@product                  cstackCOMMON 0074
__end_of_PORTC_read              text7        0626
__end_of_PORTC_write             text6        05AE
__end_of___bmul                  text5        043C
__end_of___lwdiv                 text10       0555
__end_of___lwmod                 text9        0519
__end_of___wmul                  text11       0491
__end_of__initialization         cinit        07FE
__end_of__stringtab              strings      0011
__end_of_dpowers                 strings      001B
__end_of_enable                  text15       04B6
__end_of_init_LCD                text13       040B
__end_of_main                    maintext     0453
__end_of_send_cmd                text14       042B
__end_of_send_msg                text3        0470
__end_of_set_cursor              text12       041A
__end_of_sprintf                 text8        07E6
__end_of_sum                     text1        0732
__end_of_teclado_matricial_read  text4        06AC
__end_of_write_LCD               text2        04E7
__initialization                 cinit        07E6
__pcstackBANK0                   cstackBANK0  0020
__pcstackCOMMON                  cstackCOMMON 0070
__pdataBANK0                     dataBANK0    003E
__pidataBANK0                    idataBANK0   03F1
__pmaintext                      maintext     043C
__pstrings                       strings      0001
__pswtext1                       swtext1      002E
__pswtext2                       swtext2      0036
__ptext1                         text1        06AC
__ptext10                        text10       0519
__ptext11                        text11       0470
__ptext12                        text12       040B
__ptext13                        text13       03FD
__ptext14                        text14       041A
__ptext15                        text15       0491
__ptext2                         text2        04B6
__ptext3                         text3        0453
__ptext4                         text4        0626
__ptext5                         text5        042B
__ptext6                         text6        0555
__ptext7                         text7        05AE
__ptext8                         text8        0732
__ptext9                         text9        04E7
__size_of_PORTC_read             (abs)        0000
__size_of_PORTC_write            (abs)        0000
__size_of___bmul                 (abs)        0000
__size_of___lwdiv                (abs)        0000
__size_of___lwmod                (abs)        0000
__size_of___wmul                 (abs)        0000
__size_of_enable                 (abs)        0000
__size_of_init_LCD               (abs)        0000
__size_of_main                   (abs)        0000
__size_of_send_cmd               (abs)        0000
__size_of_send_msg               (abs)        0000
__size_of_set_cursor             (abs)        0000
__size_of_sprintf                (abs)        0000
__size_of_sum                    (abs)        0000
__size_of_teclado_matricial_read (abs)        0000
__size_of_write_LCD              (abs)        0000
__stringbase                     strings      0010
__stringtab                      strings      0001
_dpowers                         strings      0011
_enable                          text15       0491
_init_LCD                        text13       03FD
_main                            maintext     043C
_matriz                          dataBANK0    003E
_send_cmd                        text14       041A
_send_msg                        text3        0453
_set_cursor                      text12       040B
_sprintf                         text8        0732
_sum                             text1        06AC
_teclado_matricial_read          text4        0626
_write_LCD                       text2        04B6
btemp                            (abs)        007E
end_of_initialization            cinit        07FE
intlevel0                        functab      0000
intlevel1                        functab      0000
intlevel2                        functab      0000
intlevel3                        functab      0000
intlevel4                        functab      0000
intlevel5                        functab      0000
reset_vec                        reset_vec    0000
send_cmd@cmd                     cstackCOMMON 0074
send_msg@msg                     cstackCOMMON 0074
set_cursor@cursor                cstackCOMMON 007A
set_cursor@line                  cstackCOMMON 0075
set_cursor@pos                   cstackCOMMON 0077
sprintf@ap                       cstackBANK0  0026
sprintf@c                        cstackBANK0  002C
sprintf@f                        cstackBANK0  0020
sprintf@flag                     cstackBANK0  0027
sprintf@prec                     cstackBANK0  0028
sprintf@sp                       cstackBANK0  002B
sprintf@val                      cstackBANK0  0029
stackhi                          (abs)        0000
stacklo                          (abs)        0000
start                            init         0000
start_initialization             cinit        07E6
sum@c                            cstackBANK0  003D
sum@n1                           cstackBANK0  0037
sum@n2                           cstackBANK0  0039
sum@op                           cstackBANK0  003B
sum@result                       cstackBANK0  002F
teclado_matricial_read@i         cstackCOMMON 007A
teclado_matricial_read@j         cstackCOMMON 0078
write_LCD@c                      cstackCOMMON 0075
write_LCD@i                      cstackCOMMON 007A
wtemp0                           (abs)        007E


FUNCTION INFORMATION:

 *************** function _main *****************
 Defined at:
		line 12 in file "main.c"
 Parameters:    Size  Location     Type
		None
 Auto vars:     Size  Location     Type
		None
 Return value:  Size  Location     Type
                  1    wreg      void 
 Registers used:
		wreg, fsr0l, fsr0h, status,2, status,0, btemp+1, pclath, cstack
 Tracked objects:
		On entry : 
		On exit  : 
		Unchanged: 
 Data sizes:     COMMON   BANK0   BANK1
      Params:         0       0       0
      Locals:         0       0       0
      Temps:          0       0       0
      Totals:         0       0       0
Total ram usage:        0 bytes
 Hardware stack levels required when called:    4
 This function calls:
		_init_LCD
		_set_cursor
		_sum
		_write_LCD
 This function is called by:
		Startup code after reset
 This function uses a non-reentrant model


 *************** function _sum *****************
 Defined at:
		line 14 in file "calc.c"
 Parameters:    Size  Location     Type
		None
 Auto vars:     Size  Location     Type
  c               1   29[BANK0 ] unsigned char 
  result          8   15[BANK0 ] unsigned char [8]
  op              2   27[BANK0 ] int 
  n2              2   25[BANK0 ] int 
  n1              2   23[BANK0 ] int 
 Return value:  Size  Location     Type
                  1    wreg      void 
 Registers used:
		wreg, fsr0l, fsr0h, status,2, status,0, btemp+1, pclath, cstack
 Tracked objects:
		On entry : 
		On exit  : 
		Unchanged: 
 Data sizes:     COMMON   BANK0   BANK1
      Params:         0       0       0
      Locals:         0      15       0
      Temps:          0       2       0
      Totals:         0      17       0
Total ram usage:       17 bytes
 Hardware stack levels used:    1
 Hardware stack levels required when called:    3
 This function calls:
		___wmul
		_send_msg
		_sprintf
		_teclado_matricial_read
		_write_LCD
 This function is called by:
		_main
 This function uses a non-reentrant model


 *************** function _write_LCD *****************
 Defined at:
		line 56 in file "lcd.c"
 Parameters:    Size  Location     Type
  c               2    5[COMMON] PTR unsigned char 
		 -> sum@result(8), STR_1(16), 
 Auto vars:     Size  Location     Type
  i               2   10[COMMON] int 
 Return value:  Size  Location     Type
                  1    wreg      void 
 Registers used:
		wreg, fsr0l, fsr0h, status,2, status,0, btemp+1, pclath, cstack
 Tracked objects:
		On entry : 
		On exit  : 
		Unchanged: 
 Data sizes:     COMMON   BANK0   BANK1
      Params:         2       0       0
      Locals:         2       0       0
      Temps:          3       0       0
      Totals:         7       0       0
Total ram usage:        7 bytes
 Hardware stack levels used:    1
 Hardware stack levels required when called:    2
 This function calls:
		_send_msg
 This function is called by:
		_main
		_sum
 This function uses a non-reentrant model


 *************** function _send_msg *****************
 Defined at:
		line 32 in file "lcd.c"
 Parameters:    Size  Location     Type
  msg             1    wreg     unsigned char 
 Auto vars:     Size  Location     Type
  msg             1    4[COMMON] unsigned char 
 Return value:  Size  Location     Type
                  1    wreg      void 
 Registers used:
		wreg, status,2, status,0, pclath, cstack
 Tracked objects:
		On entry : 
		On exit  : 
		Unchanged: 
 Data sizes:     COMMON   BANK0   BANK1
      Params:         0       0       0
      Locals:         1       0       0
      Temps:          2       0       0
      Totals:         3       0       0
Total ram usage:        3 bytes
 Hardware stack levels used:    1
 Hardware stack levels required when called:    1
 This function calls:
		_enable
 This function is called by:
		_write_LCD
		_sum
 This function uses a non-reentrant model


 *************** function _teclado_matricial_read *****************
 Defined at:
		line 73 in file "teclado_matricial_4x3.c"
 Parameters:    Size  Location     Type
		None
 Auto vars:     Size  Location     Type
  i               2   10[COMMON] int 
  j               2    8[COMMON] int 
 Return value:  Size  Location     Type
                  1    wreg      unsigned char 
 Registers used:
		wreg, fsr0l, fsr0h, status,2, status,0, btemp+1, pclath, cstack
 Tracked objects:
		On entry : 
		On exit  : 
		Unchanged: 
 Data sizes:     COMMON   BANK0   BANK1
      Params:         0       0       0
      Locals:         4       0       0
      Temps:          3       0       0
      Totals:         7       0       0
Total ram usage:        7 bytes
 Hardware stack levels used:    1
 Hardware stack levels required when called:    1
 This function calls:
		_PORTC_read
		_PORTC_write
		___bmul
 This function is called by:
		_sum
 This function uses a non-reentrant model


 *************** function ___bmul *****************
 Defined at:
		line 4 in file "C:\Program Files (x86)\Microchip\xc8\v1.45\sources\common\Umul8.c"
 Parameters:    Size  Location     Type
  multiplier      1    wreg     unsigned char 
  multiplicand    1    0[COMMON] unsigned char 
 Auto vars:     Size  Location     Type
  multiplier      1    3[COMMON] unsigned char 
  product         1    2[COMMON] unsigned char 
 Return value:  Size  Location     Type
                  1    wreg      unsigned char 
 Registers used:
		wreg, status,2, status,0
 Tracked objects:
		On entry : 
		On exit  : 
		Unchanged: 
 Data sizes:     COMMON   BANK0   BANK1
      Params:         1       0       0
      Locals:         2       0       0
      Temps:          1       0       0
      Totals:         4       0       0
Total ram usage:        4 bytes
 Hardware stack levels used:    1
 This function calls:
		Nothing
 This function is called by:
		_teclado_matricial_read
 This function uses a non-reentrant model


 *************** function _PORTC_write *****************
 Defined at:
		line 39 in file "teclado_matricial_4x3.c"
 Parameters:    Size  Location     Type
  i               2    0[COMMON] int 
  v               2    2[COMMON] unsigned int 
 Auto vars:     Size  Location     Type
		None
 Return value:  Size  Location     Type
                  1    wreg      void 
 Registers used:
		wreg, fsr0l, fsr0h, status,2, status,0
 Tracked objects:
		On entry : 
		On exit  : 
		Unchanged: 
 Data sizes:     COMMON   BANK0   BANK1
      Params:         4       0       0
      Locals:         0       0       0
      Temps:          0       0       0
      Totals:         4       0       0
Total ram usage:        4 bytes
 Hardware stack levels used:    1
 This function calls:
		Nothing
 This function is called by:
		_teclado_matricial_read
 This function uses a non-reentrant model


 *************** function _PORTC_read *****************
 Defined at:
		line 16 in file "teclado_matricial_4x3.c"
 Parameters:    Size  Location     Type
  i               2    0[COMMON] int 
 Auto vars:     Size  Location     Type
		None
 Return value:  Size  Location     Type
                  2    0[COMMON] unsigned int 
 Registers used:
		wreg, fsr0l, fsr0h, status,2, status,0
 Tracked objects:
		On entry : 
		On exit  : 
		Unchanged: 
 Data sizes:     COMMON   BANK0   BANK1
      Params:         2       0       0
      Locals:         0       0       0
      Temps:          3       0       0
      Totals:         5       0       0
Total ram usage:        5 bytes
 Hardware stack levels used:    1
 This function calls:
		Nothing
 This function is called by:
		_teclado_matricial_read
 This function uses a non-reentrant model


 *************** function _sprintf *****************
 Defined at:
		line 492 in file "C:\Program Files (x86)\Microchip\xc8\v1.45\sources\common\doprnt.c"
 Parameters:    Size  Location     Type
  sp              1    wreg     PTR unsigned char 
		 -> sum@result(8), 
  f               1    0[BANK0 ] PTR const unsigned char 
		 -> STR_2(3), 
 Auto vars:     Size  Location     Type
  sp              1   11[BANK0 ] PTR unsigned char 
		 -> sum@result(8), 
  tmpval          4    0        struct .
  val             2    9[BANK0 ] unsigned int 
  cp              2    0        PTR const unsigned char 
  len             2    0        unsigned int 
  c               1   12[BANK0 ] char 
  prec            1    8[BANK0 ] char 
  flag            1    7[BANK0 ] unsigned char 
  ap              1    6[BANK0 ] PTR void [1]
		 -> ?_sprintf(2), 
 Return value:  Size  Location     Type
                  2    0[BANK0 ] int 
 Registers used:
		wreg, fsr0l, fsr0h, status,2, status,0, btemp+1, pclath, cstack
 Tracked objects:
		On entry : 
		On exit  : 
		Unchanged: 
 Data sizes:     COMMON   BANK0   BANK1
      Params:         0       3       0
      Locals:         0       7       0
      Temps:          0       3       0
      Totals:         0      13       0
Total ram usage:       13 bytes
 Hardware stack levels used:    1
 Hardware stack levels required when called:    1
 This function calls:
		___lwdiv
		___lwmod
 This function is called by:
		_sum
 This function uses a non-reentrant model


 *************** function ___lwmod *****************
 Defined at:
		line 6 in file "C:\Program Files (x86)\Microchip\xc8\v1.45\sources\common\lwmod.c"
 Parameters:    Size  Location     Type
  divisor         2    8[COMMON] unsigned int 
  dividend        2   10[COMMON] unsigned int 
 Auto vars:     Size  Location     Type
  counter         1   13[COMMON] unsigned char 
 Return value:  Size  Location     Type
                  2    8[COMMON] unsigned int 
 Registers used:
		wreg, status,2, status,0
 Tracked objects:
		On entry : 
		On exit  : 
		Unchanged: 
 Data sizes:     COMMON   BANK0   BANK1
      Params:         4       0       0
      Locals:         1       0       0
      Temps:          1       0       0
      Totals:         6       0       0
Total ram usage:        6 bytes
 Hardware stack levels used:    1
 This function calls:
		Nothing
 This function is called by:
		_sprintf
 This function uses a non-reentrant model


 *************** function ___lwdiv *****************
 Defined at:
		line 6 in file "C:\Program Files (x86)\Microchip\xc8\v1.45\sources\common\lwdiv.c"
 Parameters:    Size  Location     Type
  divisor         2    0[COMMON] unsigned int 
  dividend        2    2[COMMON] unsigned int 
 Auto vars:     Size  Location     Type
  quotient        2    5[COMMON] unsigned int 
  counter         1    7[COMMON] unsigned char 
 Return value:  Size  Location     Type
                  2    0[COMMON] unsigned int 
 Registers used:
		wreg, status,2, status,0
 Tracked objects:
		On entry : 
		On exit  : 
		Unchanged: 
 Data sizes:     COMMON   BANK0   BANK1
      Params:         4       0       0
      Locals:         3       0       0
      Temps:          1       0       0
      Totals:         8       0       0
Total ram usage:        8 bytes
 Hardware stack levels used:    1
 This function calls:
		Nothing
 This function is called by:
		_sprintf
 This function uses a non-reentrant model


 *************** function ___wmul *****************
 Defined at:
		line 15 in file "C:\Program Files (x86)\Microchip\xc8\v1.45\sources\common\Umul16.c"
 Parameters:    Size  Location     Type
  multiplier      2    0[COMMON] unsigned int 
  multiplicand    2    2[COMMON] unsigned int 
 Auto vars:     Size  Location     Type
  product         2    4[COMMON] unsigned int 
 Return value:  Size  Location     Type
                  2    0[COMMON] unsigned int 
 Registers used:
		wreg, status,2, status,0
 Tracked objects:
		On entry : 
		On exit  : 
		Unchanged: 
 Data sizes:     COMMON   BANK0   BANK1
      Params:         4       0       0
      Locals:         2       0       0
      Temps:          0       0       0
      Totals:         6       0       0
Total ram usage:        6 bytes
 Hardware stack levels used:    1
 This function calls:
		Nothing
 This function is called by:
		_sum
 This function uses a non-reentrant model


 *************** function _set_cursor *****************
 Defined at:
		line 64 in file "lcd.c"
 Parameters:    Size  Location     Type
  line            2    5[COMMON] int 
  pos             2    7[COMMON] int 
 Auto vars:     Size  Location     Type
  cursor          1   10[COMMON] unsigned char 
 Return value:  Size  Location     Type
                  1    wreg      void 
 Registers used:
		wreg, status,2, status,0, pclath, cstack
 Tracked objects:
		On entry : 
		On exit  : 
		Unchanged: 
 Data sizes:     COMMON   BANK0   BANK1
      Params:         4       0       0
      Locals:         1       0       0
      Temps:          1       0       0
      Totals:         6       0       0
Total ram usage:        6 bytes
 Hardware stack levels used:    1
 Hardware stack levels required when called:    2
 This function calls:
		_send_cmd
 This function is called by:
		_main
 This function uses a non-reentrant model


 *************** function _init_LCD *****************
 Defined at:
		line 43 in file "lcd.c"
 Parameters:    Size  Location     Type
		None
 Auto vars:     Size  Location     Type
		None
 Return value:  Size  Location     Type
                  1    wreg      void 
 Registers used:
		wreg, status,2, status,0, pclath, cstack
 Tracked objects:
		On entry : 
		On exit  : 
		Unchanged: 
 Data sizes:     COMMON   BANK0   BANK1
      Params:         0       0       0
      Locals:         0       0       0
      Temps:          0       0       0
      Totals:         0       0       0
Total ram usage:        0 bytes
 Hardware stack levels used:    1
 Hardware stack levels required when called:    2
 This function calls:
		_send_cmd
 This function is called by:
		_main
 This function uses a non-reentrant model


 *************** function _send_cmd *****************
 Defined at:
		line 23 in file "lcd.c"
 Parameters:    Size  Location     Type
  cmd             1    wreg     unsigned char 
 Auto vars:     Size  Location     Type
  cmd             1    4[COMMON] unsigned char 
 Return value:  Size  Location     Type
                  1    wreg      void 
 Registers used:
		wreg, status,2, status,0, pclath, cstack
 Tracked objects:
		On entry : 
		On exit  : 
		Unchanged: 
 Data sizes:     COMMON   BANK0   BANK1
      Params:         0       0       0
      Locals:         1       0       0
      Temps:          2       0       0
      Totals:         3       0       0
Total ram usage:        3 bytes
 Hardware stack levels used:    1
 Hardware stack levels required when called:    1
 This function calls:
		_enable
 This function is called by:
		_init_LCD
		_set_cursor
 This function uses a non-reentrant model


 *************** function _enable *****************
 Defined at:
		line 12 in file "lcd.c"
 Parameters:    Size  Location     Type
		None
 Auto vars:     Size  Location     Type
		None
 Return value:  Size  Location     Type
                  1    wreg      void 
 Registers used:
		wreg
 Tracked objects:
		On entry : 
		On exit  : 
		Unchanged: 
 Data sizes:     COMMON   BANK0   BANK1
      Params:         0       0       0
      Locals:         0       0       0
      Temps:          2       0       0
      Totals:         2       0       0
Total ram usage:        2 bytes
 Hardware stack levels used:    1
 This function calls:
		Nothing
 This function is called by:
		_send_cmd
		_send_msg
 This function uses a non-reentrant model



MODULE INFORMATION

Module		Function		Class		Link	Load	Size
calc.c
		_sum           		CODE           	06AC	0000	135

calc.c estimated size: 135

C:\Program Files (x86)\Microchip\xc8\v1.45\sources\common\doprnt.c
		_sprintf       		CODE           	0732	0000	181

C:\Program Files (x86)\Microchip\xc8\v1.45\sources\common\doprnt.c estimated size: 181

C:\Program Files (x86)\Microchip\xc8\v1.45\sources\common\Umul16.c
		___wmul        		CODE           	0470	0000	34

C:\Program Files (x86)\Microchip\xc8\v1.45\sources\common\Umul16.c estimated size: 34

teclado_matricial_4x3.c
		_PORTC_read    		CODE           	05AE	0000	121
		_teclado_matricial_read		CODE           	0626	0000	135
		_PORTC_write   		CODE           	0555	0000	90

teclado_matricial_4x3.c estimated size: 346

C:\Program Files (x86)\Microchip\xc8\v1.45\sources\common\lwmod.c
		___lwmod       		CODE           	04E7	0000	51

C:\Program Files (x86)\Microchip\xc8\v1.45\sources\common\lwmod.c estimated size: 51

shared
		__stringtab    		STRING         	0001	0000	17
		_dpowers       		STRING         	0011	0000	11
		__initialization		CODE           	07E6	0000	25

shared estimated size: 53

C:\Program Files (x86)\Microchip\xc8\v1.45\sources\common\lwdiv.c
		___lwdiv       		CODE           	0519	0000	61

C:\Program Files (x86)\Microchip\xc8\v1.45\sources\common\lwdiv.c estimated size: 61

lcd.c
		_send_cmd      		CODE           	041A	0000	18
		_set_cursor    		CODE           	040B	0000	16
		_enable        		CODE           	0491	0000	38
		_write_LCD     		CODE           	04B6	0000	50
		_init_LCD      		CODE           	03FD	0000	15
		_send_msg      		CODE           	0453	0000	30

lcd.c estimated size: 167

C:\Program Files (x86)\Microchip\xc8\v1.45\sources\common\Umul8.c
		___bmul        		CODE           	042B	0000	18

C:\Program Files (x86)\Microchip\xc8\v1.45\sources\common\Umul8.c estimated size: 18

main.c
		_main          		CODE           	043C	0000	24

main.c estimated size: 24

